2026-05-02 22:09:31,940 ERROR [src.mineru_client] MinerU result zip download failed
urllib3.exceptions.SSLError: [SSL: UNEXPECTED_EOF_WHILE_READING] EOF occurred in violation of protocol (_ssl.c:1018)

The above exception was the direct cause of the following exception:

Traceback (most recent call last):
  File "G:\Flipper\xiangmu\papermate\.venv\Lib\site-packages\requests\adapters.py", line 645, in send
    resp = conn.urlopen(
        method=request.method,
    ...<9 lines>...
        chunked=chunked,
    )
  File "G:\Flipper\xiangmu\papermate\.venv\Lib\site-packages\urllib3\connectionpool.py", line 841, in urlopen
    retries = retries.increment(
        method, url, error=new_e, _pool=self, _stacktrace=sys.exc_info()[2]
    )
  File "G:\Flipper\xiangmu\papermate\.venv\Lib\site-packages\urllib3\util\retry.py", line 535, in increment
    raise MaxRetryError(_pool, url, reason) from reason  # type: ignore[arg-type]
    ^^^^^^^^^^^^^^^^^^^^^^^^^^^^^^^^^^^^^^^^^^^^^^^^^^^
urllib3.exceptions.MaxRetryError: HTTPSConnectionPool(host='cdn-mineru.openxlab.org.cn', port=443): Max retries exceeded with url: /pdf/2026-05-02/43f06155-7509-45da-a841-8850a4688295.zip (Caused by SSLError(SSLEOFError(8, '[SSL: UNEXPECTED_EOF_WHILE_READING] EOF occurred in violation of protocol (_ssl.c:1018)')))

During handling of the above exception, another exception occurred:

Traceback (most recent call last):
  File "G:\Flipper\xiangmu\papermate\src\mineru_client.py", line 235, in download_zip_outputs
    response = self.session.get(url, timeout=180)
  File "G:\Flipper\xiangmu\papermate\.venv\Lib\site-packages\requests\sessions.py", line 605, in get
    return self.request("GET", url, **kwargs)
           ~~~~~~~~~~~~^^^^^^^^^^^^^^^^^^^^^^
  File "G:\Flipper\xiangmu\papermate\.venv\Lib\site-packages\requests\sessions.py", line 592, in request
    resp = self.send(prep, **send_kwargs)
  File "G:\Flipper\xiangmu\papermate\.venv\Lib\site-packages\requests\sessions.py", line 706, in send
    r = adapter.send(request, **kwargs)
  File "G:\Flipper\xiangmu\papermate\.venv\Lib\site-packages\requests\adapters.py", line 676, in send
    raise SSLError(e, request=request)
requests.exceptions.SSLError: HTTPSConnectionPool(host='cdn-mineru.openxlab.org.cn', port=443): Max retries exceeded with url: /pdf/2026-05-02/43f06155-7509-45da-a841-8850a4688295.zip (Caused by SSLError(SSLEOFError(8, '[SSL: UNEXPECTED_EOF_WHILE_READING] EOF occurred in violation of protocol (_ssl.c:1018)')))
2026-05-02 22:13:35,052 WARNING [src.mineru_client] MinerU artifact download with requests failed, attempt=1 url=https://cdn-mineru.openxlab.org.cn/pdf/2026-05-02/43f06155-7509-45da-a841-8850a4688295.zip error=HTTPSConnectionPool(host='cdn-mineru.openxlab.org.cn', port=443): Max retries exceeded with url: /pdf/2026-05-02/43f06155-7509-45da-a841-8850a4688295.zip (Caused by SSLError(SSLEOFError(8, '[SSL: UNEXPECTED_EOF_WHILE_READING] EOF occurred in violation of protocol (_ssl.c:1018)')))
2026-05-02 22:13:37,637 WARNING [src.mineru_client] MinerU artifact download with requests failed, attempt=2 url=https://cdn-mineru.openxlab.org.cn/pdf/2026-05-02/43f06155-7509-45da-a841-8850a4688295.zip error=HTTPSConnectionPool(host='cdn-mineru.openxlab.org.cn', port=443): Max retries exceeded with url: /pdf/2026-05-02/43f06155-7509-45da-a841-8850a4688295.zip (Caused by SSLError(SSLEOFError(8, '[SSL: UNEXPECTED_EOF_WHILE_READING] EOF occurred in violation of protocol (_ssl.c:1018)')))
2026-05-02 22:13:42,199 WARNING [src.mineru_client] MinerU artifact download with requests failed, attempt=3 url=https://cdn-mineru.openxlab.org.cn/pdf/2026-05-02/43f06155-7509-45da-a841-8850a4688295.zip error=HTTPSConnectionPool(host='cdn-mineru.openxlab.org.cn', port=443): Max retries exceeded with url: /pdf/2026-05-02/43f06155-7509-45da-a841-8850a4688295.zip (Caused by SSLError(SSLEOFError(8, '[SSL: UNEXPECTED_EOF_WHILE_READING] EOF occurred in violation of protocol (_ssl.c:1018)')))
2026-05-02 22:13:50,540 INFO [src.mineru_client] MinerU artifact downloaded with curl fallback: https://cdn-mineru.openxlab.org.cn/pdf/2026-05-02/43f06155-7509-45da-a841-8850a4688295.zip
2026-05-02 22:14:19,872 WARNING [src.mineru_client] MinerU artifact download with requests failed, attempt=1 url=https://cdn-mineru.openxlab.org.cn/pdf/2026-05-02/43f06155-7509-45da-a841-8850a4688295.zip error=HTTPSConnectionPool(host='cdn-mineru.openxlab.org.cn', port=443): Max retries exceeded with url: /pdf/2026-05-02/43f06155-7509-45da-a841-8850a4688295.zip (Caused by SSLError(SSLEOFError(8, '[SSL: UNEXPECTED_EOF_WHILE_READING] EOF occurred in violation of protocol (_ssl.c:1018)')))
2026-05-02 22:14:22,449 WARNING [src.mineru_client] MinerU artifact download with requests failed, attempt=2 url=https://cdn-mineru.openxlab.org.cn/pdf/2026-05-02/43f06155-7509-45da-a841-8850a4688295.zip error=HTTPSConnectionPool(host='cdn-mineru.openxlab.org.cn', port=443): Max retries exceeded with url: /pdf/2026-05-02/43f06155-7509-45da-a841-8850a4688295.zip (Caused by SSLError(SSLEOFError(8, '[SSL: UNEXPECTED_EOF_WHILE_READING] EOF occurred in violation of protocol (_ssl.c:1018)')))
2026-05-02 22:14:27,027 WARNING [src.mineru_client] MinerU artifact download with requests failed, attempt=3 url=https://cdn-mineru.openxlab.org.cn/pdf/2026-05-02/43f06155-7509-45da-a841-8850a4688295.zip error=HTTPSConnectionPool(host='cdn-mineru.openxlab.org.cn', port=443): Max retries exceeded with url: /pdf/2026-05-02/43f06155-7509-45da-a841-8850a4688295.zip (Caused by SSLError(SSLEOFError(8, '[SSL: UNEXPECTED_EOF_WHILE_READING] EOF occurred in violation of protocol (_ssl.c:1018)')))
2026-05-02 22:14:35,724 INFO [src.mineru_client] MinerU artifact downloaded with curl fallback: https://cdn-mineru.openxlab.org.cn/pdf/2026-05-02/43f06155-7509-45da-a841-8850a4688295.zip
2026-05-02 22:16:05,686 WARNING [src.mineru_client] MinerU artifact download with requests failed, attempt=1 url=https://cdn-mineru.openxlab.org.cn/pdf/2026-05-02/43f06155-7509-45da-a841-8850a4688295.zip error=HTTPSConnectionPool(host='cdn-mineru.openxlab.org.cn', port=443): Max retries exceeded with url: /pdf/2026-05-02/43f06155-7509-45da-a841-8850a4688295.zip (Caused by SSLError(SSLEOFError(8, '[SSL: UNEXPECTED_EOF_WHILE_READING] EOF occurred in violation of protocol (_ssl.c:1018)')))
2026-05-02 22:16:09,041 WARNING [src.mineru_client] MinerU artifact download with requests failed, attempt=2 url=https://cdn-mineru.openxlab.org.cn/pdf/2026-05-02/43f06155-7509-45da-a841-8850a4688295.zip error=HTTPSConnectionPool(host='cdn-mineru.openxlab.org.cn', port=443): Max retries exceeded with url: /pdf/2026-05-02/43f06155-7509-45da-a841-8850a4688295.zip (Caused by SSLError(SSLEOFError(8, '[SSL: UNEXPECTED_EOF_WHILE_READING] EOF occurred in violation of protocol (_ssl.c:1018)')))
2026-05-02 22:16:14,399 WARNING [src.mineru_client] MinerU artifact download with requests failed, attempt=3 url=https://cdn-mineru.openxlab.org.cn/pdf/2026-05-02/43f06155-7509-45da-a841-8850a4688295.zip error=HTTPSConnectionPool(host='cdn-mineru.openxlab.org.cn', port=443): Max retries exceeded with url: /pdf/2026-05-02/43f06155-7509-45da-a841-8850a4688295.zip (Caused by SSLError(SSLEOFError(8, '[SSL: UNEXPECTED_EOF_WHILE_READING] EOF occurred in violation of protocol (_ssl.c:1018)')))
2026-05-02 22:16:22,653 INFO [src.mineru_client] MinerU artifact downloaded with curl fallback: https://cdn-mineru.openxlab.org.cn/pdf/2026-05-02/43f06155-7509-45da-a841-8850a4688295.zip
2026-05-03 13:49:48,505 WARNING [src.mineru_client] MinerU artifact download with requests failed, attempt=1 url=https://cdn-mineru.openxlab.org.cn/pdf/2026-05-02/43f06155-7509-45da-a841-8850a4688295.zip error=HTTPSConnectionPool(host='cdn-mineru.openxlab.org.cn', port=443): Max retries exceeded with url: /pdf/2026-05-02/43f06155-7509-45da-a841-8850a4688295.zip (Caused by SSLError(SSLEOFError(8, '[SSL: UNEXPECTED_EOF_WHILE_READING] EOF occurred in violation of protocol (_ssl.c:1018)')))
2026-05-03 13:49:50,508 WARNING [src.mineru_client] MinerU artifact download with requests failed, attempt=2 url=https://cdn-mineru.openxlab.org.cn/pdf/2026-05-02/43f06155-7509-45da-a841-8850a4688295.zip error=HTTPSConnectionPool(host='cdn-mineru.openxlab.org.cn', port=443): Max retries exceeded with url: /pdf/2026-05-02/43f06155-7509-45da-a841-8850a4688295.zip (Caused by SSLError(SSLEOFError(8, '[SSL: UNEXPECTED_EOF_WHILE_READING] EOF occurred in violation of protocol (_ssl.c:1018)')))
2026-05-03 13:49:54,511 WARNING [src.mineru_client] MinerU artifact download with requests failed, attempt=3 url=https://cdn-mineru.openxlab.org.cn/pdf/2026-05-02/43f06155-7509-45da-a841-8850a4688295.zip error=HTTPSConnectionPool(host='cdn-mineru.openxlab.org.cn', port=443): Max retries exceeded with url: /pdf/2026-05-02/43f06155-7509-45da-a841-8850a4688295.zip (Caused by SSLError(SSLEOFError(8, '[SSL: UNEXPECTED_EOF_WHILE_READING] EOF occurred in violation of protocol (_ssl.c:1018)')))
2026-05-03 13:51:34,298 WARNING [src.mineru_client] MinerU artifact download with requests failed, attempt=1 url=https://cdn-mineru.openxlab.org.cn/pdf/2026-05-02/43f06155-7509-45da-a841-8850a4688295.zip error=HTTPSConnectionPool(host='cdn-mineru.openxlab.org.cn', port=443): Max retries exceeded with url: /pdf/2026-05-02/43f06155-7509-45da-a841-8850a4688295.zip (Caused by SSLError(SSLEOFError(8, '[SSL: UNEXPECTED_EOF_WHILE_READING] EOF occurred in violation of protocol (_ssl.c:1018)')))
2026-05-03 13:51:36,303 WARNING [src.mineru_client] MinerU artifact download with requests failed, attempt=2 url=https://cdn-mineru.openxlab.org.cn/pdf/2026-05-02/43f06155-7509-45da-a841-8850a4688295.zip error=HTTPSConnectionPool(host='cdn-mineru.openxlab.org.cn', port=443): Max retries exceeded with url: /pdf/2026-05-02/43f06155-7509-45da-a841-8850a4688295.zip (Caused by SSLError(SSLEOFError(8, '[SSL: UNEXPECTED_EOF_WHILE_READING] EOF occurred in violation of protocol (_ssl.c:1018)')))
2026-05-03 13:51:38,184 INFO [src.mineru_client] MinerU artifact downloaded with curl fallback: https://cdn-mineru.openxlab.org.cn/pdf/2026-05-02/43f06155-7509-45da-a841-8850a4688295.zip
2026-05-03 13:51:40,324 WARNING [src.mineru_client] MinerU artifact download with requests failed, attempt=3 url=https://cdn-mineru.openxlab.org.cn/pdf/2026-05-02/43f06155-7509-45da-a841-8850a4688295.zip error=HTTPSConnectionPool(host='cdn-mineru.openxlab.org.cn', port=443): Max retries exceeded with url: /pdf/2026-05-02/43f06155-7509-45da-a841-8850a4688295.zip (Caused by SSLError(SSLEOFError(8, '[SSL: UNEXPECTED_EOF_WHILE_READING] EOF occurred in violation of protocol (_ssl.c:1018)')))
2026-05-03 13:52:53,001 INFO [src.mineru_client] MinerU artifact downloaded with curl fallback: https://cdn-mineru.openxlab.org.cn/pdf/2026-05-02/43f06155-7509-45da-a841-8850a4688295.zip
2026-05-03 14:14:49,847 WARNING [src.mineru_client] MinerU artifact download with requests failed, attempt=1 url=https://cdn-mineru.openxlab.org.cn/pdf/2026-05-02/43f06155-7509-45da-a841-8850a4688295.zip error=HTTPSConnectionPool(host='cdn-mineru.openxlab.org.cn', port=443): Max retries exceeded with url: /pdf/2026-05-02/43f06155-7509-45da-a841-8850a4688295.zip (Caused by SSLError(SSLEOFError(8, '[SSL: UNEXPECTED_EOF_WHILE_READING] EOF occurred in violation of protocol (_ssl.c:1018)')))
2026-05-03 14:14:53,183 WARNING [src.mineru_client] MinerU artifact download with requests failed, attempt=2 url=https://cdn-mineru.openxlab.org.cn/pdf/2026-05-02/43f06155-7509-45da-a841-8850a4688295.zip error=HTTPSConnectionPool(host='cdn-mineru.openxlab.org.cn', port=443): Max retries exceeded with url: /pdf/2026-05-02/43f06155-7509-45da-a841-8850a4688295.zip (Caused by SSLError(SSLEOFError(8, '[SSL: UNEXPECTED_EOF_WHILE_READING] EOF occurred in violation of protocol (_ssl.c:1018)')))
2026-05-03 14:14:58,546 WARNING [src.mineru_client] MinerU artifact download with requests failed, attempt=3 url=https://cdn-mineru.openxlab.org.cn/pdf/2026-05-02/43f06155-7509-45da-a841-8850a4688295.zip error=HTTPSConnectionPool(host='cdn-mineru.openxlab.org.cn', port=443): Max retries exceeded with url: /pdf/2026-05-02/43f06155-7509-45da-a841-8850a4688295.zip (Caused by SSLError(SSLEOFError(8, '[SSL: UNEXPECTED_EOF_WHILE_READING] EOF occurred in violation of protocol (_ssl.c:1018)')))
2026-05-03 14:15:08,898 INFO [src.mineru_client] MinerU artifact downloaded with curl fallback: https://cdn-mineru.openxlab.org.cn/pdf/2026-05-02/43f06155-7509-45da-a841-8850a4688295.zip
2026-05-03 14:19:43,746 WARNING [src.mineru_client] MinerU artifact download with requests failed, attempt=1 url=https://cdn-mineru.openxlab.org.cn/pdf/2026-05-03/5f79d70a-998e-4fe2-a0c2-025fe5868a61.zip error=HTTPSConnectionPool(host='cdn-mineru.openxlab.org.cn', port=443): Max retries exceeded with url: /pdf/2026-05-03/5f79d70a-998e-4fe2-a0c2-025fe5868a61.zip (Caused by SSLError(SSLEOFError(8, '[SSL: UNEXPECTED_EOF_WHILE_READING] EOF occurred in violation of protocol (_ssl.c:1018)')))
2026-05-03 14:19:47,234 WARNING [src.mineru_client] MinerU artifact download with requests failed, attempt=2 url=https://cdn-mineru.openxlab.org.cn/pdf/2026-05-03/5f79d70a-998e-4fe2-a0c2-025fe5868a61.zip error=HTTPSConnectionPool(host='cdn-mineru.openxlab.org.cn', port=443): Max retries exceeded with url: /pdf/2026-05-03/5f79d70a-998e-4fe2-a0c2-025fe5868a61.zip (Caused by SSLError(SSLEOFError(8, '[SSL: UNEXPECTED_EOF_WHILE_READING] EOF occurred in violation of protocol (_ssl.c:1018)')))
2026-05-03 14:19:52,602 WARNING [src.mineru_client] MinerU artifact download with requests failed, attempt=3 url=https://cdn-mineru.openxlab.org.cn/pdf/2026-05-03/5f79d70a-998e-4fe2-a0c2-025fe5868a61.zip error=HTTPSConnectionPool(host='cdn-mineru.openxlab.org.cn', port=443): Max retries exceeded with url: /pdf/2026-05-03/5f79d70a-998e-4fe2-a0c2-025fe5868a61.zip (Caused by SSLError(SSLEOFError(8, '[SSL: UNEXPECTED_EOF_WHILE_READING] EOF occurred in violation of protocol (_ssl.c:1018)')))
2026-05-03 14:19:59,839 INFO [src.mineru_client] MinerU artifact downloaded with curl fallback: https://cdn-mineru.openxlab.org.cn/pdf/2026-05-03/5f79d70a-998e-4fe2-a0c2-025fe5868a61.zip
2026-05-03 14:37:32,558 WARNING [src.mineru_client] MinerU artifact download with requests failed, attempt=1 url=https://cdn-mineru.openxlab.org.cn/pdf/2026-05-02/43f06155-7509-45da-a841-8850a4688295.zip error=HTTPSConnectionPool(host='cdn-mineru.openxlab.org.cn', port=443): Max retries exceeded with url: /pdf/2026-05-02/43f06155-7509-45da-a841-8850a4688295.zip (Caused by SSLError(SSLEOFError(8, '[SSL: UNEXPECTED_EOF_WHILE_READING] EOF occurred in violation of protocol (_ssl.c:1018)')))
2026-05-03 14:37:35,905 WARNING [src.mineru_client] MinerU artifact download with requests failed, attempt=2 url=https://cdn-mineru.openxlab.org.cn/pdf/2026-05-02/43f06155-7509-45da-a841-8850a4688295.zip error=HTTPSConnectionPool(host='cdn-mineru.openxlab.org.cn', port=443): Max retries exceeded with url: /pdf/2026-05-02/43f06155-7509-45da-a841-8850a4688295.zip (Caused by SSLError(SSLEOFError(8, '[SSL: UNEXPECTED_EOF_WHILE_READING] EOF occurred in violation of protocol (_ssl.c:1018)')))
2026-05-03 14:37:41,267 WARNING [src.mineru_client] MinerU artifact download with requests failed, attempt=3 url=https://cdn-mineru.openxlab.org.cn/pdf/2026-05-02/43f06155-7509-45da-a841-8850a4688295.zip error=HTTPSConnectionPool(host='cdn-mineru.openxlab.org.cn', port=443): Max retries exceeded with url: /pdf/2026-05-02/43f06155-7509-45da-a841-8850a4688295.zip (Caused by SSLError(SSLEOFError(8, '[SSL: UNEXPECTED_EOF_WHILE_READING] EOF occurred in violation of protocol (_ssl.c:1018)')))
2026-05-03 14:37:49,417 INFO [src.mineru_client] MinerU artifact downloaded with curl fallback: https://cdn-mineru.openxlab.org.cn/pdf/2026-05-02/43f06155-7509-45da-a841-8850a4688295.zip
2026-05-03 14:39:05,126 WARNING [src.mineru_client] MinerU artifact download with requests failed, attempt=1 url=https://cdn-mineru.openxlab.org.cn/pdf/2026-05-02/43f06155-7509-45da-a841-8850a4688295.zip error=HTTPSConnectionPool(host='cdn-mineru.openxlab.org.cn', port=443): Max retries exceeded with url: /pdf/2026-05-02/43f06155-7509-45da-a841-8850a4688295.zip (Caused by SSLError(SSLEOFError(8, '[SSL: UNEXPECTED_EOF_WHILE_READING] EOF occurred in violation of protocol (_ssl.c:1018)')))
2026-05-03 14:39:08,520 WARNING [src.mineru_client] MinerU artifact download with requests failed, attempt=2 url=https://cdn-mineru.openxlab.org.cn/pdf/2026-05-02/43f06155-7509-45da-a841-8850a4688295.zip error=HTTPSConnectionPool(host='cdn-mineru.openxlab.org.cn', port=443): Max retries exceeded with url: /pdf/2026-05-02/43f06155-7509-45da-a841-8850a4688295.zip (Caused by SSLError(SSLEOFError(8, '[SSL: UNEXPECTED_EOF_WHILE_READING] EOF occurred in violation of protocol (_ssl.c:1018)')))
2026-05-03 14:39:13,840 WARNING [src.mineru_client] MinerU artifact download with requests failed, attempt=3 url=https://cdn-mineru.openxlab.org.cn/pdf/2026-05-02/43f06155-7509-45da-a841-8850a4688295.zip error=HTTPSConnectionPool(host='cdn-mineru.openxlab.org.cn', port=443): Max retries exceeded with url: /pdf/2026-05-02/43f06155-7509-45da-a841-8850a4688295.zip (Caused by SSLError(SSLEOFError(8, '[SSL: UNEXPECTED_EOF_WHILE_READING] EOF occurred in violation of protocol (_ssl.c:1018)')))
2026-05-03 14:39:24,661 INFO [src.mineru_client] MinerU artifact downloaded with curl fallback: https://cdn-mineru.openxlab.org.cn/pdf/2026-05-02/43f06155-7509-45da-a841-8850a4688295.zip
2026-05-03 14:40:32,926 WARNING [src.mineru_client] MinerU artifact download with requests failed, attempt=1 url=https://cdn-mineru.openxlab.org.cn/pdf/2026-05-02/43f06155-7509-45da-a841-8850a4688295.zip error=HTTPSConnectionPool(host='cdn-mineru.openxlab.org.cn', port=443): Max retries exceeded with url: /pdf/2026-05-02/43f06155-7509-45da-a841-8850a4688295.zip (Caused by SSLError(SSLEOFError(8, '[SSL: UNEXPECTED_EOF_WHILE_READING] EOF occurred in violation of protocol (_ssl.c:1018)')))
2026-05-03 14:40:36,235 WARNING [src.mineru_client] MinerU artifact download with requests failed, attempt=2 url=https://cdn-mineru.openxlab.org.cn/pdf/2026-05-02/43f06155-7509-45da-a841-8850a4688295.zip error=HTTPSConnectionPool(host='cdn-mineru.openxlab.org.cn', port=443): Max retries exceeded with url: /pdf/2026-05-02/43f06155-7509-45da-a841-8850a4688295.zip (Caused by SSLError(SSLEOFError(8, '[SSL: UNEXPECTED_EOF_WHILE_READING] EOF occurred in violation of protocol (_ssl.c:1018)')))
2026-05-03 14:40:41,706 WARNING [src.mineru_client] MinerU artifact download with requests failed, attempt=3 url=https://cdn-mineru.openxlab.org.cn/pdf/2026-05-02/43f06155-7509-45da-a841-8850a4688295.zip error=HTTPSConnectionPool(host='cdn-mineru.openxlab.org.cn', port=443): Max retries exceeded with url: /pdf/2026-05-02/43f06155-7509-45da-a841-8850a4688295.zip (Caused by SSLError(SSLEOFError(8, '[SSL: UNEXPECTED_EOF_WHILE_READING] EOF occurred in violation of protocol (_ssl.c:1018)')))
2026-05-03 14:44:17,728 ERROR [src.mineru_client] MinerU artifact download with curl failed
Traceback (most recent call last):
  File "G:\Flipper\xiangmu\papermate\src\mineru_client.py", line 505, in download_bytes_with_curl
    completed = subprocess.run(
        command,
    ...<2 lines>...
        timeout=timeout + 30,
    )
  File "C:\Users\mi\AppData\Local\Programs\Python\Python313\Lib\subprocess.py", line 556, in run
    stdout, stderr = process.communicate(input, timeout=timeout)
                     ~~~~~~~~~~~~~~~~~~~^^^^^^^^^^^^^^^^^^^^^^^^
  File "C:\Users\mi\AppData\Local\Programs\Python\Python313\Lib\subprocess.py", line 1219, in communicate
    stdout, stderr = self._communicate(input, endtime, timeout)
                     ~~~~~~~~~~~~~~~~~^^^^^^^^^^^^^^^^^^^^^^^^^
  File "C:\Users\mi\AppData\Local\Programs\Python\Python313\Lib\subprocess.py", line 1640, in _communicate
    raise TimeoutExpired(self.args, orig_timeout)
subprocess.TimeoutExpired: Command '['C:\\WINDOWS\\system32\\curl.exe', '-L', '--fail', '--silent', '--show-error', '--connect-timeout', '30', '--max-time', '180', '--retry', '3', '--retry-delay', '2', '--user-agent', 'PaperMate/1.0', 'https://cdn-mineru.openxlab.org.cn/pdf/2026-05-02/43f06155-7509-45da-a841-8850a4688295.zip']' timed out after 210 seconds
2026-05-03 14:46:18,900 WARNING [src.mineru_client] MinerU artifact download with requests failed, attempt=1 url=https://cdn-mineru.openxlab.org.cn/pdf/2026-05-02/43f06155-7509-45da-a841-8850a4688295.zip error=HTTPSConnectionPool(host='cdn-mineru.openxlab.org.cn', port=443): Max retries exceeded with url: /pdf/2026-05-02/43f06155-7509-45da-a841-8850a4688295.zip (Caused by SSLError(SSLEOFError(8, '[SSL: UNEXPECTED_EOF_WHILE_READING] EOF occurred in violation of protocol (_ssl.c:1018)')))
2026-05-03 14:46:22,163 WARNING [src.mineru_client] MinerU artifact download with requests failed, attempt=2 url=https://cdn-mineru.openxlab.org.cn/pdf/2026-05-02/43f06155-7509-45da-a841-8850a4688295.zip error=HTTPSConnectionPool(host='cdn-mineru.openxlab.org.cn', port=443): Max retries exceeded with url: /pdf/2026-05-02/43f06155-7509-45da-a841-8850a4688295.zip (Caused by SSLError(SSLEOFError(8, '[SSL: UNEXPECTED_EOF_WHILE_READING] EOF occurred in violation of protocol (_ssl.c:1018)')))
2026-05-03 14:46:27,426 WARNING [src.mineru_client] MinerU artifact download with requests failed, attempt=3 url=https://cdn-mineru.openxlab.org.cn/pdf/2026-05-02/43f06155-7509-45da-a841-8850a4688295.zip error=HTTPSConnectionPool(host='cdn-mineru.openxlab.org.cn', port=443): Max retries exceeded with url: /pdf/2026-05-02/43f06155-7509-45da-a841-8850a4688295.zip (Caused by SSLError(SSLEOFError(8, '[SSL: UNEXPECTED_EOF_WHILE_READING] EOF occurred in violation of protocol (_ssl.c:1018)')))
2026-05-03 14:49:39,018 INFO [src.mineru_client] MinerU artifact downloaded with curl fallback: https://cdn-mineru.openxlab.org.cn/pdf/2026-05-02/43f06155-7509-45da-a841-8850a4688295.zip
2026-05-03 14:51:02,091 WARNING [src.mineru_client] MinerU artifact download with requests failed, attempt=1 url=https://cdn-mineru.openxlab.org.cn/pdf/2026-05-03/5f79d70a-998e-4fe2-a0c2-025fe5868a61.zip error=HTTPSConnectionPool(host='cdn-mineru.openxlab.org.cn', port=443): Max retries exceeded with url: /pdf/2026-05-03/5f79d70a-998e-4fe2-a0c2-025fe5868a61.zip (Caused by SSLError(SSLEOFError(8, '[SSL: UNEXPECTED_EOF_WHILE_READING] EOF occurred in violation of protocol (_ssl.c:1018)')))
2026-05-03 14:51:05,490 WARNING [src.mineru_client] MinerU artifact download with requests failed, attempt=2 url=https://cdn-mineru.openxlab.org.cn/pdf/2026-05-03/5f79d70a-998e-4fe2-a0c2-025fe5868a61.zip error=HTTPSConnectionPool(host='cdn-mineru.openxlab.org.cn', port=443): Max retries exceeded with url: /pdf/2026-05-03/5f79d70a-998e-4fe2-a0c2-025fe5868a61.zip (Caused by SSLError(SSLEOFError(8, '[SSL: UNEXPECTED_EOF_WHILE_READING] EOF occurred in violation of protocol (_ssl.c:1018)')))
2026-05-03 14:51:10,856 WARNING [src.mineru_client] MinerU artifact download with requests failed, attempt=3 url=https://cdn-mineru.openxlab.org.cn/pdf/2026-05-03/5f79d70a-998e-4fe2-a0c2-025fe5868a61.zip error=HTTPSConnectionPool(host='cdn-mineru.openxlab.org.cn', port=443): Max retries exceeded with url: /pdf/2026-05-03/5f79d70a-998e-4fe2-a0c2-025fe5868a61.zip (Caused by SSLError(SSLEOFError(8, '[SSL: UNEXPECTED_EOF_WHILE_READING] EOF occurred in violation of protocol (_ssl.c:1018)')))
2026-05-03 14:52:31,552 INFO [src.mineru_client] MinerU artifact downloaded with curl fallback: https://cdn-mineru.openxlab.org.cn/pdf/2026-05-03/5f79d70a-998e-4fe2-a0c2-025fe5868a61.zip
2026-05-06 12:31:30,756 WARNING [src.retrieval.hybrid_retriever] BM25 index missing; falling back to vector search. paper_id=paper_1
2026-05-06 12:31:30,757 WARNING [src.retrieval.hybrid_retriever] Vector search failed; hybrid retrieval may fallback. paper_id=paper_1 error=VECTOR_SEARCH_FAILED: 向量检索失败，请检查该论文是否已完成索引。
2026-05-06 12:32:05,195 WARNING [src.mineru_client] MinerU artifact download with requests failed, attempt=1 url=https://cdn-mineru.openxlab.org.cn/pdf/2026-05-02/43f06155-7509-45da-a841-8850a4688295.zip error=HTTPSConnectionPool(host='cdn-mineru.openxlab.org.cn', port=443): Max retries exceeded with url: /pdf/2026-05-02/43f06155-7509-45da-a841-8850a4688295.zip (Caused by SSLError(SSLEOFError(8, '[SSL: UNEXPECTED_EOF_WHILE_READING] EOF occurred in violation of protocol (_ssl.c:1018)')))
2026-05-06 12:32:08,577 WARNING [src.mineru_client] MinerU artifact download with requests failed, attempt=2 url=https://cdn-mineru.openxlab.org.cn/pdf/2026-05-02/43f06155-7509-45da-a841-8850a4688295.zip error=HTTPSConnectionPool(host='cdn-mineru.openxlab.org.cn', port=443): Max retries exceeded with url: /pdf/2026-05-02/43f06155-7509-45da-a841-8850a4688295.zip (Caused by SSLError(SSLEOFError(8, '[SSL: UNEXPECTED_EOF_WHILE_READING] EOF occurred in violation of protocol (_ssl.c:1018)')))
2026-05-06 12:32:14,024 WARNING [src.mineru_client] MinerU artifact download with requests failed, attempt=3 url=https://cdn-mineru.openxlab.org.cn/pdf/2026-05-02/43f06155-7509-45da-a841-8850a4688295.zip error=HTTPSConnectionPool(host='cdn-mineru.openxlab.org.cn', port=443): Max retries exceeded with url: /pdf/2026-05-02/43f06155-7509-45da-a841-8850a4688295.zip (Caused by SSLError(SSLEOFError(8, '[SSL: UNEXPECTED_EOF_WHILE_READING] EOF occurred in violation of protocol (_ssl.c:1018)')))
2026-05-06 12:32:23,465 INFO [src.mineru_client] MinerU artifact downloaded with curl fallback: https://cdn-mineru.openxlab.org.cn/pdf/2026-05-02/43f06155-7509-45da-a841-8850a4688295.zip
2026-05-06 12:33:45,957 WARNING [src.mineru_client] MinerU artifact download with requests failed, attempt=1 url=https://cdn-mineru.openxlab.org.cn/pdf/2026-05-02/43f06155-7509-45da-a841-8850a4688295.zip error=HTTPSConnectionPool(host='cdn-mineru.openxlab.org.cn', port=443): Max retries exceeded with url: /pdf/2026-05-02/43f06155-7509-45da-a841-8850a4688295.zip (Caused by SSLError(SSLEOFError(8, '[SSL: UNEXPECTED_EOF_WHILE_READING] EOF occurred in violation of protocol (_ssl.c:1018)')))
2026-05-06 12:33:49,285 WARNING [src.mineru_client] MinerU artifact download with requests failed, attempt=2 url=https://cdn-mineru.openxlab.org.cn/pdf/2026-05-02/43f06155-7509-45da-a841-8850a4688295.zip error=HTTPSConnectionPool(host='cdn-mineru.openxlab.org.cn', port=443): Max retries exceeded with url: /pdf/2026-05-02/43f06155-7509-45da-a841-8850a4688295.zip (Caused by SSLError(SSLEOFError(8, '[SSL: UNEXPECTED_EOF_WHILE_READING] EOF occurred in violation of protocol (_ssl.c:1018)')))
2026-05-06 12:33:54,615 WARNING [src.mineru_client] MinerU artifact download with requests failed, attempt=3 url=https://cdn-mineru.openxlab.org.cn/pdf/2026-05-02/43f06155-7509-45da-a841-8850a4688295.zip error=HTTPSConnectionPool(host='cdn-mineru.openxlab.org.cn', port=443): Max retries exceeded with url: /pdf/2026-05-02/43f06155-7509-45da-a841-8850a4688295.zip (Caused by SSLError(SSLEOFError(8, '[SSL: UNEXPECTED_EOF_WHILE_READING] EOF occurred in violation of protocol (_ssl.c:1018)')))
2026-05-06 12:34:02,805 INFO [src.mineru_client] MinerU artifact downloaded with curl fallback: https://cdn-mineru.openxlab.org.cn/pdf/2026-05-02/43f06155-7509-45da-a841-8850a4688295.zip
2026-05-06 12:39:39,695 WARNING [src.mineru_client] MinerU artifact download with requests failed, attempt=1 url=https://cdn-mineru.openxlab.org.cn/pdf/2026-05-02/43f06155-7509-45da-a841-8850a4688295.zip error=HTTPSConnectionPool(host='cdn-mineru.openxlab.org.cn', port=443): Max retries exceeded with url: /pdf/2026-05-02/43f06155-7509-45da-a841-8850a4688295.zip (Caused by SSLError(SSLEOFError(8, '[SSL: UNEXPECTED_EOF_WHILE_READING] EOF occurred in violation of protocol (_ssl.c:1018)')))
2026-05-06 12:39:41,700 WARNING [src.mineru_client] MinerU artifact download with requests failed, attempt=2 url=https://cdn-mineru.openxlab.org.cn/pdf/2026-05-02/43f06155-7509-45da-a841-8850a4688295.zip error=HTTPSConnectionPool(host='cdn-mineru.openxlab.org.cn', port=443): Max retries exceeded with url: /pdf/2026-05-02/43f06155-7509-45da-a841-8850a4688295.zip (Caused by SSLError(SSLEOFError(8, '[SSL: UNEXPECTED_EOF_WHILE_READING] EOF occurred in violation of protocol (_ssl.c:1018)')))
2026-05-06 12:39:45,703 WARNING [src.mineru_client] MinerU artifact download with requests failed, attempt=3 url=https://cdn-mineru.openxlab.org.cn/pdf/2026-05-02/43f06155-7509-45da-a841-8850a4688295.zip error=HTTPSConnectionPool(host='cdn-mineru.openxlab.org.cn', port=443): Max retries exceeded with url: /pdf/2026-05-02/43f06155-7509-45da-a841-8850a4688295.zip (Caused by SSLError(SSLEOFError(8, '[SSL: UNEXPECTED_EOF_WHILE_READING] EOF occurred in violation of protocol (_ssl.c:1018)')))
2026-05-06 12:39:54,011 INFO [src.mineru_client] MinerU artifact downloaded with curl fallback: https://cdn-mineru.openxlab.org.cn/pdf/2026-05-02/43f06155-7509-45da-a841-8850a4688295.zip
